MediaWiki HTTP 429; retry after 23.0s
MediaWiki HTTP 429; retry after 47.0s
MediaWiki HTTP 429; retry after 47.0s
MediaWiki HTTP 429; retry after 48.0s
MediaWiki HTTP 429; retry after 46.0s
MediaWiki HTTP 429; retry after 50.0s
MediaWiki HTTP 429; retry after 48.0s
MediaWiki HTTP 429; retry after 47.0s
MediaWiki HTTP 429; retry after 46.0s
MediaWiki HTTP 429; retry after 49.0s
MediaWiki HTTP 429; retry after 47.0s
MediaWiki HTTP 429; retry after 49.0s
MediaWiki HTTP 429; retry after 49.0s
MediaWiki HTTP 429; retry after 47.0s
MediaWiki HTTP 429; retry after 46.0s
MediaWiki HTTP 429; retry after 49.0s
MediaWiki HTTP 429; retry after 47.0s
MediaWiki HTTP 429; retry after 49.0s
MediaWiki HTTP 429; retry after 48.0s
MediaWiki HTTP 429; retry after 48.0s
MediaWiki HTTP 429; retry after 47.0s
MediaWiki HTTP 429; retry after 45.0s
MediaWiki HTTP 429; retry after 49.0s
MediaWiki HTTP 429; retry after 47.0s
MediaWiki HTTP 429; retry after 47.0s
MediaWiki HTTP 429; retry after 49.0s
MediaWiki HTTP 429; retry after 48.0s
MediaWiki HTTP 429; retry after 49.0s
MediaWiki HTTP 429; retry after 46.0s
MediaWiki HTTP 429; retry after 46.0s
MediaWiki HTTP 429; retry after 47.0s
MediaWiki HTTP 429; retry after 46.0s
MediaWiki HTTP 429; retry after 50.0s
MediaWiki HTTP 429; retry after 48.0s
MediaWiki HTTP 429; retry after 49.0s
MediaWiki HTTP 429; retry after 49.0s
MediaWiki HTTP 429; retry after 49.0s
MediaWiki HTTP 429; retry after 48.0s
MediaWiki HTTP 429; retry after 46.0s
cohort 1: fetched 200/750 titles
MediaWiki HTTP 429; retry after 47.0s
MediaWiki HTTP 429; retry after 51.0s
MediaWiki HTTP 429; retry after 49.0s
MediaWiki HTTP 429; retry after 50.0s
MediaWiki HTTP 429; retry after 49.0s
MediaWiki HTTP 429; retry after 49.0s
MediaWiki HTTP 429; retry after 46.0s
MediaWiki HTTP 429; retry after 49.0s
MediaWiki HTTP 429; retry after 46.0s
MediaWiki HTTP 429; retry after 46.0s
MediaWiki HTTP 429; retry after 48.0s
MediaWiki HTTP 429; retry after 47.0s
MediaWiki HTTP 429; retry after 48.0s
MediaWiki HTTP 429; retry after 50.0s
MediaWiki HTTP 429; retry after 49.0s
MediaWiki HTTP 429; retry after 49.0s
MediaWiki HTTP 429; retry after 48.0s
MediaWiki HTTP 429; retry after 49.0s
MediaWiki HTTP 429; retry after 49.0s
MediaWiki HTTP 429; retry after 49.0s
MediaWiki HTTP 429; retry after 47.0s
MediaWiki HTTP 429; retry after 48.0s
MediaWiki HTTP 429; retry after 48.0s
MediaWiki HTTP 429; retry after 49.0s
MediaWiki HTTP 429; retry after 47.0s
MediaWiki HTTP 429; retry after 48.0s
MediaWiki HTTP 429; retry after 47.0s
MediaWiki HTTP 429; retry after 49.0s
MediaWiki HTTP 429; retry after 42.0s
MediaWiki HTTP 429; retry after 50.0s
MediaWiki HTTP 429; retry after 48.0s
MediaWiki HTTP 429; retry after 49.0s
MediaWiki HTTP 429; retry after 49.0s
MediaWiki HTTP 429; retry after 48.0s
MediaWiki HTTP 429; retry after 49.0s
MediaWiki HTTP 429; retry after 48.0s
MediaWiki HTTP 429; retry after 49.0s
MediaWiki HTTP 429; retry after 49.0s
MediaWiki HTTP 429; retry after 50.0s
MediaWiki HTTP 429; retry after 50.0s
cohort 1: fetched 400/750 titles
MediaWiki HTTP 429; retry after 48.0s
MediaWiki HTTP 429; retry after 51.0s
MediaWiki HTTP 429; retry after 49.0s
MediaWiki HTTP 429; retry after 50.0s
MediaWiki HTTP 429; retry after 49.0s
MediaWiki HTTP 429; retry after 50.0s
MediaWiki HTTP 429; retry after 51.0s
MediaWiki HTTP 429; retry after 50.0s
MediaWiki HTTP 429; retry after 50.0s
MediaWiki HTTP 429; retry after 49.0s
MediaWiki HTTP 429; retry after 50.0s
MediaWiki HTTP 429; retry after 50.0s
MediaWiki HTTP 429; retry after 49.0s
MediaWiki HTTP 429; retry after 49.0s
MediaWiki HTTP 429; retry after 50.0s
MediaWiki HTTP 429; retry after 48.0s
MediaWiki HTTP 429; retry after 49.0s
MediaWiki HTTP 429; retry after 50.0s
MediaWiki HTTP 429; retry after 50.0s
MediaWiki HTTP 429; retry after 49.0s
MediaWiki HTTP 429; retry after 49.0s
MediaWiki HTTP 429; retry after 49.0s
MediaWiki HTTP 429; retry after 50.0s
MediaWiki HTTP 429; retry after 49.0s
MediaWiki HTTP 429; retry after 50.0s
MediaWiki HTTP 429; retry after 49.0s
MediaWiki HTTP 429; retry after 50.0s
MediaWiki HTTP 429; retry after 48.0s
MediaWiki HTTP 429; retry after 51.0s
MediaWiki HTTP 429; retry after 49.0s
MediaWiki HTTP 429; retry after 49.0s
MediaWiki HTTP 429; retry after 50.0s
MediaWiki HTTP 429; retry after 49.0s
MediaWiki HTTP 429; retry after 51.0s
MediaWiki HTTP 429; retry after 50.0s
MediaWiki HTTP 429; retry after 50.0s
MediaWiki HTTP 429; retry after 50.0s
MediaWiki HTTP 429; retry after 50.0s
MediaWiki HTTP 429; retry after 49.0s
MediaWiki HTTP 429; retry after 50.0s
cohort 1: fetched 600/750 titles
MediaWiki HTTP 429; retry after 48.0s
MediaWiki HTTP 429; retry after 48.0s
MediaWiki HTTP 429; retry after 49.0s
MediaWiki HTTP 429; retry after 49.0s
MediaWiki HTTP 429; retry after 48.0s
MediaWiki HTTP 429; retry after 51.0s
MediaWiki HTTP 429; retry after 49.0s
MediaWiki HTTP 429; retry after 50.0s
MediaWiki HTTP 429; retry after 49.0s
MediaWiki HTTP 429; retry after 49.0s
MediaWiki HTTP 429; retry after 50.0s
MediaWiki HTTP 429; retry after 48.0s
MediaWiki HTTP 429; retry after 49.0s
MediaWiki HTTP 429; retry after 48.0s
MediaWiki HTTP 429; retry after 50.0s
MediaWiki HTTP 429; retry after 48.0s
MediaWiki HTTP 429; retry after 49.0s
MediaWiki HTTP 429; retry after 50.0s
MediaWiki HTTP 429; retry after 50.0s
MediaWiki HTTP 429; retry after 50.0s
MediaWiki HTTP 429; retry after 50.0s
MediaWiki HTTP 429; retry after 49.0s
MediaWiki HTTP 429; retry after 51.0s
MediaWiki HTTP 429; retry after 49.0s
MediaWiki HTTP 429; retry after 50.0s
MediaWiki HTTP 429; retry after 49.0s
MediaWiki HTTP 429; retry after 50.0s
MediaWiki HTTP 429; retry after 49.0s
MediaWiki HTTP 429; retry after 50.0s
MediaWiki HTTP 429; retry after 49.0s
Traceback (most recent call last):
  File "D:\CodexProjects\ai-knowledge-compiler\research\experiments\H1-W6-SAME-INTELLIGENCE-01\scripts\acquire_w6_v5_single_title.py", line 239, in <module>
    raise SystemExit(main())
                     ~~~~^^
  File "D:\CodexProjects\ai-knowledge-compiler\research\experiments\H1-W6-SAME-INTELLIGENCE-01\scripts\acquire_w6_v5_single_title.py", line 235, in main
    return acquire(args.manifest, args.seal, args.corpus, args.output, args.sidecar)
  File "D:\CodexProjects\ai-knowledge-compiler\research\experiments\H1-W6-SAME-INTELLIGENCE-01\scripts\acquire_w6_v5_single_title.py", line 198, in acquire
    rc = v3.acquire(manifest, corpus, output)
  File "D:\CodexProjects\ai-knowledge-compiler\research\experiments\H1-W6-SAME-INTELLIGENCE-01\scripts\acquire_w6_v3.py", line 376, in acquire
    "relative_before_path": str(before_path.relative_to(EXP)).replace("\\", "/"),
                                ~~~~~~~~~~~~~~~~~~~~~~~^^^^^
  File "C:\Users\yspow\AppData\Local\Programs\Python\Python313\Lib\pathlib\_local.py", line 385, in relative_to
    raise ValueError(f"{str(self)!r} is not in the subpath of {str(other)!r}")
ValueError: 'research\\experiments\\H1-W6-SAME-INTELLIGENCE-01\\corpus-v8-holdout\\00002-717f39e67679\\before.wikitext' is not in the subpath of 'D:\\CodexProjects\\ai-knowledge-compiler\\research\\experiments\\H1-W6-SAME-INTELLIGENCE-01'
